// Jest Snapshot v1, https://goo.gl/fbAQLP

exports[`<br /> line break 1`] = `<br />`;
